
//  Microsoft (R) .NET Framework IL Disassembler.  Version 4.0.30319.1
//  Copyright (c) Microsoft Corporation.  All rights reserved.


// warning : THIS IS A PARTIAL DISASSEMBLY, NOT SUITABLE FOR RE-ASSEMBLING



.class public auto ansi beforefieldinit ClassWithGenericUsage
       extends [mscorlib]System.Object
{
  .method public hidebysig instance void 
          Method() cil managed
  {
    // Code size       8 (0x8)
    .maxstack  0
    .language '{3F5162F8-07C6-11D3-9053-00C04FA302A1}', '{994B45C4-E6E9-11D2-903F-00C04FA302A1}', '{5A869D0B-6611-11D3-BD2A-0000F80849BD}'
    .line 4,4 : 5,6 'AssemblyToProcess\\ClassWithGenericUsage.cs'
    IL_0000:  nop
    .line 5,5 : 9,44 ''
    IL_0001:  call       void class StaticGenericReplacement`1<string>::SomeMethod()
    IL_0006:  nop
    .line 6,6 : 5,6 ''
    IL_0007:  ret
  } // end of method ClassWithGenericUsage::Method

  .method public hidebysig specialname rtspecialname 
          instance void  .ctor() cil managed
  {
    // Code size       7 (0x7)
    .maxstack  1
    IL_0000:  ldarg.0
    IL_0001:  call       instance void [mscorlib]System.Object::.ctor()
    IL_0006:  ret
  } // end of method ClassWithGenericUsage::.ctor

} // end of class ClassWithGenericUsage

// *********** DISASSEMBLY COMPLETE ***********************
