.class public auto ansi beforefieldinit ClassWithDateTime
       extends [mscorlib]System.Object
{
  .method public hidebysig instance valuetype [mscorlib]System.DateTime 
          GetDateTime() cil managed
  {
    // Code size       6 (0x6)
    .maxstack  1
    IL_0000:  call       valuetype [mscorlib]System.DateTime DateTimeReplacement::get_Now()
    IL_0005:  ret
  } 
  .method public hidebysig specialname instance valuetype [mscorlib]System.DateTime 
          get_SomeProperty() cil managed
  {
    // Code size       6 (0x6)
    .maxstack  1
    IL_0000:  call       valuetype [mscorlib]System.DateTime DateTimeReplacement::get_Now()
    IL_0005:  ret
  } 
  .method public hidebysig instance valuetype [mscorlib]System.DateTime 
          MissingReplacement() cil managed
  {
    // Code size       6 (0x6)
    .maxstack  1
    IL_0000:  call       valuetype [mscorlib]System.DateTime [mscorlib]System.DateTime::get_Today()
    IL_0005:  ret
  } 
  .method public hidebysig specialname rtspecialname 
          instance void  .ctor() cil managed
  {
    // Code size       7 (0x7)
    .maxstack  1
    IL_0000:  ldarg.0
    IL_0001:  call       instance void [mscorlib]System.Object::.ctor()
    IL_0006:  ret
  } 
  .property instance valuetype [mscorlib]System.DateTime
          SomeProperty()
  {
  } 
}
