.class public auto ansi beforefieldinit ClassWithBrokenReplacement
       extends [mscorlib]System.Object
{
  .method public hidebysig instance void 
          Method() cil managed
  {
    // Code size       6 (0x6)
    .maxstack  0
    IL_0000:  call       void StaticBasic::SomeMethod()
    IL_0005:  ret
  } 
  .method public hidebysig specialname rtspecialname 
          instance void  .ctor() cil managed
  {
    // Code size       7 (0x7)
    .maxstack  1
    IL_0000:  ldarg.0
    IL_0001:  call       instance void [mscorlib]System.Object::.ctor()
    IL_0006:  ret
  } 
}
